[    0.000000] Linux version 4.15.0-212-generic (buildd@lcy02-amd64-083) (gcc version 7.5.0 (Ubuntu 7.5.0-3ubuntu1~18.04)) #223-Ubuntu SMP Tue May 23 13:09:22 UTC 2023 (Ubuntu 4.15.0-212.223-generic 4.15.18)
[    0.000000] Command line: BOOT_IMAGE=/boot/vmlinuz-4.15.0-212-generic root=LABEL=cloudimg-rootfs ro console=tty1 console=ttyS0
[    0.000000] KERNEL supported cpus:
[    0.000000]   Intel GenuineIntel
[    0.000000]   AMD AuthenticAMD
[    0.000000]   Centaur CentaurHauls
[    0.000000] x86/fpu: Supporting XSAVE feature 0x001: 'x87 floating point registers'
[    0.000000] x86/fpu: Supporting XSAVE feature 0x002: 'SSE registers'
[    0.000000] x86/fpu: Supporting XSAVE feature 0x004: 'AVX registers'
[    0.000000] x86/fpu: xstate_offset[2]:  576, xstate_sizes[2]:  256
[    0.000000] x86/fpu: Enabled xstate features 0x7, context size is 832 bytes, using 'standard' format.
[    0.000000] e820: BIOS-provided physical RAM map:
[    0.000000] BIOS-e820: [mem 0x0000000000000000-0x000000000009fbff] usable
[    0.000000] BIOS-e820: [mem 0x000000000009fc00-0x000000000009ffff] reserved
[    0.000000] BIOS-e820: [mem 0x00000000000f0000-0x00000000000fffff] reserved
[    0.000000] BIOS-e820: [mem 0x0000000000100000-0x00000000dffeffff] usable
[    0.000000] BIOS-e820: [mem 0x00000000dfff0000-0x00000000dfffffff] ACPI data
[    0.000000] BIOS-e820: [mem 0x00000000fec00000-0x00000000fec00fff] reserved
[    0.000000] BIOS-e820: [mem 0x00000000fee00000-0x00000000fee00fff] reserved
[    0.000000] BIOS-e820: [mem 0x00000000fffc0000-0x00000000ffffffff] reserved
[    0.000000] BIOS-e820: [mem 0x0000000100000000-0x000000011fffffff] usable
[    0.000000] NX (Execute Disable) protection: active
[    0.000000] SMBIOS 2.5 present.
[    0.000000] DMI: innotek GmbH VirtualBox/VirtualBox, BIOS VirtualBox 12/01/2006
[    0.000000] Hypervisor detected: KVM
[    0.000000] e820: last_pfn = 0x120000 max_arch_pfn = 0x400000000
[    0.000000] MTRR: Disabled
[    0.000000] x86/PAT: MTRRs disabled, skipping PAT initialization too.
[    0.000000] CPU MTRRs all blank - virtualized system.
[    0.000000] x86/PAT: Configuration [0-7]: WB  WT  UC- UC  WB  WT  UC- UC  
[    0.000000] e820: last_pfn = 0xdfff0 max_arch_pfn = 0x400000000
[    0.000000] found SMP MP-table at [mem 0x0009fff0-0x0009ffff]
[    0.000000] Scanning 1 areas for low memory corruption
[    0.000000] RAMDISK: [mem 0x359cb000-0x36cdcfff]
[    0.000000] ACPI: Early table checksum verification disabled
[    0.000000] ACPI: RSDP 0x00000000000E0000 000024 (v02 VBOX  )
[    0.000000] ACPI: XSDT 0x00000000DFFF0030 00003C (v01 VBOX   VBOXXSDT 00000001 ASL  00000061)
[    0.000000] ACPI: FACP 0x00000000DFFF00F0 0000F4 (v04 VBOX   VBOXFACP 00000001 ASL  00000061)
[    0.000000] ACPI: DSDT 0x00000000DFFF0610 002353 (v02 VBOX   VBOXBIOS 00000002 INTL 20100528)
[    0.000000] ACPI: FACS 0x00000000DFFF0200 000040
[    0.000000] ACPI: FACS 0x00000000DFFF0200 000040
[    0.000000] ACPI: APIC 0x00000000DFFF0240 00005C (v02 VBOX   VBOXAPIC 00000001 ASL  00000061)
[    0.000000] ACPI: SSDT 0x00000000DFFF02A0 00036C (v01 VBOX   VBOXCPUT 00000002 INTL 20100528)
[    0.000000] ACPI: Reserving FACP table memory at [mem 0xdfff00f0-0xdfff01e3]
[    0.000000] ACPI: Reserving DSDT table memory at [mem 0xdfff0610-0xdfff2962]
[    0.000000] ACPI: Reserving FACS table memory at [mem 0xdfff0200-0xdfff023f]
[    0.000000] ACPI: Reserving FACS table memory at [mem 0xdfff0200-0xdfff023f]
[    0.000000] ACPI: Reserving APIC table memory at [mem 0xdfff0240-0xdfff029b]
[    0.000000] ACPI: Reserving SSDT table memory at [mem 0xdfff02a0-0xdfff060b]
[    0.000000] No NUMA configuration found
[    0.000000] Faking a node at [mem 0x0000000000000000-0x000000011fffffff]
[    0.000000] NODE_DATA(0) allocated [mem 0x11ffd5000-0x11fffffff]
[    0.000000] kvm-clock: cpu 0, msr 1:1ff54001, primary cpu clock
[    0.000000] kvm-clock: Using msrs 4b564d01 and 4b564d00
[    0.000000] kvm-clock: using sched offset of 3977421868 cycles
[    0.000000] clocksource: kvm-clock: mask: 0xffffffffffffffff max_cycles: 0x1cd42e4dffb, max_idle_ns: 881590591483 ns
[    0.000000] Zone ranges:
[    0.000000]   DMA      [mem 0x0000000000001000-0x0000000000ffffff]
[    0.000000]   DMA32    [mem 0x0000000001000000-0x00000000ffffffff]
[    0.000000]   Normal   [mem 0x0000000100000000-0x000000011fffffff]
[    0.000000]   Device   empty
[    0.000000] Movable zone start for each node
[    0.000000] Early memory node ranges
[    0.000000]   node   0: [mem 0x0000000000001000-0x000000000009efff]
[    0.000000]   node   0: [mem 0x0000000000100000-0x00000000dffeffff]
[    0.000000]   node   0: [mem 0x0000000100000000-0x000000011fffffff]
[    0.000000] Reserved but unavailable: 104 pages
[    0.000000] Initmem setup node 0 [mem 0x0000000000001000-0x000000011fffffff]
[    0.000000] ACPI: PM-Timer IO Port: 0x4008
[    0.000000] IOAPIC[0]: apic_id 2, version 32, address 0xfec00000, GSI 0-23
[    0.000000] ACPI: INT_SRC_OVR (bus 0 bus_irq 0 global_irq 2 dfl dfl)
[    0.000000] ACPI: INT_SRC_OVR (bus 0 bus_irq 9 global_irq 9 low level)
[    0.000000] Using ACPI (MADT) for SMP configuration information
[    0.000000] smpboot: Allowing 2 CPUs, 0 hotplug CPUs
[    0.000000] PM: Registered nosave memory: [mem 0x00000000-0x00000fff]
[    0.000000] PM: Registered nosave memory: [mem 0x0009f000-0x0009ffff]
[    0.000000] PM: Registered nosave memory: [mem 0x000a0000-0x000effff]
[    0.000000] PM: Registered nosave memory: [mem 0x000f0000-0x000fffff]
[    0.000000] PM: Registered nosave memory: [mem 0xdfff0000-0xdfffffff]
[    0.000000] PM: Registered nosave memory: [mem 0xe0000000-0xfebfffff]
[    0.000000] PM: Registered nosave memory: [mem 0xfec00000-0xfec00fff]
[    0.000000] PM: Registered nosave memory: [mem 0xfec01000-0xfedfffff]
[    0.000000] PM: Registered nosave memory: [mem 0xfee00000-0xfee00fff]
[    0.000000] PM: Registered nosave memory: [mem 0xfee01000-0xfffbffff]
[    0.000000] PM: Registered nosave memory: [mem 0xfffc0000-0xffffffff]
[    0.000000] e820: [mem 0xe0000000-0xfebfffff] available for PCI devices
[    0.000000] Booting paravirtualized kernel on KVM
[    0.000000] clocksource: refined-jiffies: mask: 0xffffffff max_cycles: 0xffffffff, max_idle_ns: 7645519600211568 ns
[    0.000000] setup_percpu: NR_CPUS:8192 nr_cpumask_bits:2 nr_cpu_ids:2 nr_node_ids:1
[    0.000000] percpu: Embedded 50 pages/cpu s167936 r8192 d28672 u1048576
[    0.000000] PV qspinlock hash table entries: 256 (order: 0, 4096 bytes)
[    0.000000] Built 1 zonelists, mobility grouping on.  Total pages: 1032057
[    0.000000] Policy zone: Normal
[    0.000000] Kernel command line: BOOT_IMAGE=/boot/vmlinuz-4.15.0-212-generic root=LABEL=cloudimg-rootfs ro console=tty1 console=ttyS0
[    0.000000] Memory: 4013268K/4193848K available (12300K kernel code, 2477K rwdata, 4324K rodata, 2480K init, 2720K bss, 180580K reserved, 0K cma-reserved)
[    0.000000] SLUB: HWalign=64, Order=0-3, MinObjects=0, CPUs=2, Nodes=1
[    0.000000] Kernel/User page tables isolation: enabled
[    0.000000] ftrace: allocating 39508 entries in 155 pages
[    0.004000] Hierarchical RCU implementation.
[    0.004000] 	RCU restricting CPUs from NR_CPUS=8192 to nr_cpu_ids=2.
[    0.004000] 	Tasks RCU enabled.
[    0.004000] RCU: Adjusting geometry for rcu_fanout_leaf=16, nr_cpu_ids=2
[    0.004000] NR_IRQS: 524544, nr_irqs: 440, preallocated irqs: 16
[    0.004000] random: crng init done
[    0.004000] Console: colour VGA+ 80x25
[    0.004000] console [tty1] enabled
[    0.004000] console [ttyS0] enabled
[    0.004000] ACPI: Core revision 20170831
[    0.004000] ACPI: 2 ACPI AML tables successfully acquired and loaded
[    0.004000] APIC: Switch to symmetric I/O mode setup
[    0.004000] x2apic enabled
[    0.004000] Switched APIC routing to physical x2apic.
[    0.008000] ..TIMER: vector=0x30 apic1=0 pin1=2 apic2=-1 pin2=-1
[    0.008004] tsc: Detected 3990.762 MHz processor
[    0.012008] Calibrating delay loop (skipped) preset value.. 7981.52 BogoMIPS (lpj=15963048)
[    0.016004] pid_max: default: 32768 minimum: 301
[    0.017835] Security Framework initialized
[    0.020003] Yama: becoming mindful.
[    0.021273] AppArmor: AppArmor initialized
[    0.025007] Dentry cache hash table entries: 524288 (order: 10, 4194304 bytes)
[    0.028497] Inode-cache hash table entries: 262144 (order: 9, 2097152 bytes)
[    0.030925] Mount-cache hash table entries: 8192 (order: 4, 65536 bytes)
[    0.032019] Mountpoint-cache hash table entries: 8192 (order: 4, 65536 bytes)
[    0.034690] Last level iTLB entries: 4KB 1024, 2MB 1024, 4MB 1024
[    0.036004] Last level dTLB entries: 4KB 1024, 2MB 1024, 4MB 1024, 1GB 4
[    0.040004] Spectre V1 : Mitigation: usercopy/swapgs barriers and __user pointer sanitization
[    0.044004] Spectre V2 : Mitigation: Retpolines
[    0.045829] Spectre V2 : Spectre v2 / SpectreRSB mitigation: Filling RSB on context switch
[    0.048002] Spectre V2 : Spectre v2 / SpectreRSB : Filling RSB on VMEXIT
[    0.052002] Speculative Store Bypass: Vulnerable
[    0.053768] MDS: Mitigation: Clear CPU buffers
[    0.055165] MMIO Stale Data: Unknown: No mitigations
[    0.056003] SRBDS: Unknown: Dependent on hypervisor status
[    0.058486] Freeing SMP alternatives memory: 36K
[    0.170548] smpboot: CPU0: Intel(R) Core(TM) i7-4790K CPU @ 4.00GHz (family: 0x6, model: 0x3c, stepping: 0x3)
[    0.172000] Performance Events: unsupported p6 CPU model 60 no PMU driver, software events only.
[    0.172037] Hierarchical SRCU implementation.
[    0.176781] NMI watchdog: Perf event create on CPU 0 failed with -2
[    0.178677] NMI watchdog: Perf NMI watchdog permanently disabled
[    0.180076] smp: Bringing up secondary CPUs ...
[    0.184076] x86: Booting SMP configuration:
[    0.185652] .... node  #0, CPUs:      #1
[    0.004000] kvm-clock: cpu 1, msr 1:1ff54041, secondary cpu clock
[    0.190483] smp: Brought up 1 node, 2 CPUs
[    0.190483] smpboot: Max logical packages: 1
[    0.192005] smpboot: Total of 2 processors activated (15963.04 BogoMIPS)
[    0.194301] devtmpfs: initialized
[    0.196105] x86/mm: Memory block size: 128MB
[    0.200083] evm: security.selinux
[    0.201406] evm: security.SMACK64
[    0.202706] evm: security.SMACK64EXEC
[    0.203963] evm: security.SMACK64TRANSMUTE
[    0.204003] evm: security.SMACK64MMAP
[    0.205322] evm: security.apparmor
[    0.206417] evm: security.ima
[    0.208003] evm: security.capability
[    0.209219] clocksource: jiffies: mask: 0xffffffff max_cycles: 0xffffffff, max_idle_ns: 7645041785100000 ns
[    0.212017] futex hash table entries: 512 (order: 3, 32768 bytes)
[    0.214187] pinctrl core: initialized pinctrl subsystem
[    0.216173] RTC time: 21:39:16, date: 09/10/24
[    0.218188] NET: Registered protocol family 16
[    0.220174] audit: initializing netlink subsys (disabled)
[    0.222019] audit: type=2000 audit(1726004361.620:1): state=initialized audit_enabled=0 res=1
[    0.224013] cpuidle: using governor ladder
[    0.228007] cpuidle: using governor menu
[    0.229879] ACPI: bus type PCI registered
[    0.231239] acpiphp: ACPI Hot Plug PCI Controller Driver version: 0.5
[    0.232121] PCI: Using configuration type 1 for base access
[    0.238616] HugeTLB registered 2.00 MiB page size, pre-allocated 0 pages
[    0.240069] ACPI: Added _OSI(Module Device)
[    0.241452] ACPI: Added _OSI(Processor Device)
[    0.243187] ACPI: Added _OSI(3.0 _SCP Extensions)
[    0.244004] ACPI: Added _OSI(Processor Aggregator Device)
[    0.248003] ACPI: Added _OSI(Linux-Dell-Video)
[    0.249398] ACPI: Added _OSI(Linux-Lenovo-NV-HDMI-Audio)
[    0.251327] ACPI: Added _OSI(Linux-HPI-Hybrid-Graphics)
[    0.252481] ACPI: Executed 1 blocks of module-level executable AML code
[    0.267172] ACPI: Interpreter enabled
[    0.268027] ACPI: (supports S0 S5)
[    0.269092] ACPI: Using IOAPIC for interrupt routing
[    0.272294] PCI: Using host bridge windows from ACPI; if necessary, use "pci=nocrs" and report a bug
[    0.276445] ACPI: Enabled 2 GPEs in block 00 to 07
[    0.296081] ACPI: PCI Root Bridge [PCI0] (domain 0000 [bus 00-ff])
[    0.298262] acpi PNP0A03:00: _OSC: OS supports [ASPM ClockPM Segments MSI]
[    0.301724] acpi PNP0A03:00: _OSC: not requesting OS control; OS requires [ExtendedConfig ASPM ClockPM MSI]
[    0.304027] acpi PNP0A03:00: fail to add MMCONFIG information, can't access extended PCI configuration space under this bridge.
[    0.308861] PCI host bridge to bus 0000:00
[    0.310429] pci_bus 0000:00: root bus resource [io  0x0000-0x0cf7 window]
[    0.312006] pci_bus 0000:00: root bus resource [io  0x0d00-0xffff window]
[    0.316005] pci_bus 0000:00: root bus resource [mem 0x000a0000-0x000bffff window]
[    0.318748] pci_bus 0000:00: root bus resource [mem 0xe0000000-0xfdffffff window]
[    0.320005] pci_bus 0000:00: root bus resource [bus 00-ff]
[    0.328533] pci 0000:00:01.1: legacy IDE quirk: reg 0x10: [io  0x01f0-0x01f7]
[    0.331426] pci 0000:00:01.1: legacy IDE quirk: reg 0x14: [io  0x03f6]
[    0.332004] pci 0000:00:01.1: legacy IDE quirk: reg 0x18: [io  0x0170-0x0177]
[    0.336004] pci 0000:00:01.1: legacy IDE quirk: reg 0x1c: [io  0x0376]
[    0.386509] pci 0000:00:07.0: quirk: [io  0x4000-0x403f] claimed by PIIX4 ACPI
[    0.388024] pci 0000:00:07.0: quirk: [io  0x4100-0x410f] claimed by PIIX4 SMB
[    0.412566] ACPI: PCI Interrupt Link [LNKA] (IRQs 5 9 10 *11)
[    0.415641] ACPI: PCI Interrupt Link [LNKB] (IRQs 5 9 *10 11)
[    0.416287] ACPI: PCI Interrupt Link [LNKC] (IRQs 5 *9 10 11)
[    0.420295] ACPI: PCI Interrupt Link [LNKD] (IRQs 5 9 10 *11)
[    0.422835] SCSI subsystem initialized
[    0.424033] pci 0000:00:02.0: vgaarb: setting as boot VGA device
[    0.426457] pci 0000:00:02.0: vgaarb: VGA device added: decodes=io+mem,owns=io+mem,locks=none
[    0.428014] pci 0000:00:02.0: vgaarb: bridge control possible
[    0.432002] vgaarb: loaded
[    0.433171] ACPI: bus type USB registered
[    0.434771] usbcore: registered new interface driver usbfs
[    0.436019] usbcore: registered new interface driver hub
[    0.437983] usbcore: registered new device driver usb
[    0.440070] EDAC MC: Ver: 3.0.0
[    0.441463] PCI: Using ACPI for IRQ routing
[    0.444513] NetLabel: Initializing
[    0.446002] NetLabel:  domain hash size = 128
[    0.448002] NetLabel:  protocols = UNLABELED CIPSOv4 CALIPSO
[    0.450217] NetLabel:  unlabeled traffic allowed by default
[    0.452159] clocksource: Switched to clocksource kvm-clock
[    0.479894] VFS: Disk quotas dquot_6.6.0
[    0.481488] VFS: Dquot-cache hash table entries: 512 (order 0, 4096 bytes)
[    0.484161] AppArmor: AppArmor Filesystem Enabled
[    0.485784] pnp: PnP ACPI init
[    0.489219] pnp: PnP ACPI: found 3 devices
[    0.499753] clocksource: acpi_pm: mask: 0xffffff max_cycles: 0xffffff, max_idle_ns: 2085701024 ns
[    0.503136] NET: Registered protocol family 2
[    0.504694] IP idents hash table entries: 65536 (order: 7, 524288 bytes)
[    0.507876] TCP established hash table entries: 32768 (order: 6, 262144 bytes)
[    0.510923] TCP bind hash table entries: 32768 (order: 7, 524288 bytes)
[    0.513596] TCP: Hash tables configured (established 32768 bind 32768)
[    0.515782] UDP hash table entries: 2048 (order: 4, 65536 bytes)
[    0.518040] UDP-Lite hash table entries: 2048 (order: 4, 65536 bytes)
[    0.520245] NET: Registered protocol family 1
[    0.522008] pci 0000:00:00.0: Limiting direct PCI/PCI transfers
[    0.524108] pci 0000:00:01.0: Activating ISA DMA hang workarounds
[    0.525978] pci 0000:00:02.0: Video device with shadowed ROM at [mem 0x000c0000-0x000dffff]
[    0.528972] Unpacking initramfs...
[    1.052058] Freeing initrd memory: 19528K
[    1.053788] PCI-DMA: Using software bounce buffering for IO (SWIOTLB)
[    1.056363] software IO TLB: mapped [mem 0xdbff0000-0xdfff0000] (64MB)
[    1.058822] clocksource: tsc: mask: 0xffffffffffffffff max_cycles: 0x730c8be8151, max_idle_ns: 881591058046 ns
[    1.062395] platform rtc_cmos: registered platform RTC device (no PNP device found)
[    1.064819] Scanning for low memory corruption every 60 seconds
[    1.068156] Initialise system trusted keyrings
[    1.069873] Key type blacklist registered
[    1.071722] workingset: timestamp_bits=36 max_order=20 bucket_order=0
[    1.076550] zbud: loaded
[    1.078424] squashfs: version 4.0 (2009/01/31) Phillip Lougher
[    1.080457] fuse init (API version 7.26)
[    1.084440] Key type asymmetric registered
[    1.085881] Asymmetric key parser 'x509' registered
[    1.087786] Block layer SCSI generic (bsg) driver version 0.4 loaded (major 246)
[    1.090889] io scheduler noop registered
[    1.092416] io scheduler deadline registered
[    1.093986] io scheduler cfq registered (default)
[    1.095860] ACPI: AC Adapter [AC] (on-line)
[    1.097659] input: Power Button as /devices/LNXSYSTM:00/LNXPWRBN:00/input/input0
[    1.100562] ACPI: Power Button [PWRF]
[    1.102018] input: Sleep Button as /devices/LNXSYSTM:00/LNXSLPBN:00/input/input1
[    1.104301] ACPI: Sleep Button [SLPF]
[    1.106089] Serial: 8250/16550 driver, 32 ports, IRQ sharing enabled
[    1.129966] 00:02: ttyS0 at I/O 0x3f8 (irq = 4, base_baud = 115200) is a 16550A
[    1.135663] Linux agpgart interface v0.103
[    1.139242] loop: module loaded
[    1.141472] scsi host0: ata_piix
[    1.142849] scsi host1: ata_piix
[    1.144012] ata1: PATA max UDMA/33 cmd 0x1f0 ctl 0x3f6 bmdma 0xd000 irq 14
[    1.146102] ata2: PATA max UDMA/33 cmd 0x170 ctl 0x376 bmdma 0xd008 irq 15
[    1.148636] tun: Universal TUN/TAP device driver, 1.6
[    1.150359] PPP generic driver version 2.4.2
[    1.151776] ehci_hcd: USB 2.0 'Enhanced' Host Controller (EHCI) Driver
[    1.154187] ehci-pci: EHCI PCI platform driver
[    1.155970] ehci-platform: EHCI generic platform driver
[    1.158055] ohci_hcd: USB 1.1 'Open' Host Controller (OHCI) Driver
[    1.160156] ohci-pci: OHCI PCI platform driver
[    1.161991] ohci-platform: OHCI generic platform driver
[    1.163727] uhci_hcd: USB Universal Host Controller Interface driver
[    1.166094] i8042: PNP: PS/2 Controller [PNP0303:PS2K,PNP0f03:PS2M] at 0x60,0x64 irq 1,12
[    1.169605] serio: i8042 KBD port at 0x60,0x64 irq 1
[    1.171359] serio: i8042 AUX port at 0x60,0x64 irq 12
[    1.173253] mousedev: PS/2 mouse device common for all mice
[    1.176002] input: AT Translated Set 2 keyboard as /devices/platform/i8042/serio0/input/input2
[    1.179182] rtc_cmos rtc_cmos: rtc core: registered rtc_cmos as rtc0
[    1.181435] rtc_cmos rtc_cmos: alarms up to one day, 114 bytes nvram
[    1.183645] i2c /dev entries driver
[    1.185043] device-mapper: uevent: version 1.0.3
[    1.186784] device-mapper: ioctl: 4.37.0-ioctl (2017-09-20) initialised: dm-devel@redhat.com
[    1.189987] ledtrig-cpu: registered to indicate activity on CPUs
[    1.192758] NET: Registered protocol family 10
[    1.199150] Segment Routing with IPv6
[    1.200784] NET: Registered protocol family 17
[    1.202687] Key type dns_resolver registered
[    1.204469] mce: Using 0 MCE banks
[    1.205552] RAS: Correctable Errors collector initialized.
[    1.207535] sched_clock: Marking stable (1204373638, 0)->(1662207905, -457834267)
[    1.210368] registered taskstats version 1
[    1.211770] Loading compiled-in X.509 certificates
[    1.216633] Loaded X.509 cert 'Build time autogenerated kernel key: b5b26778eaa3ab3a4a6cee031137706e947d12ad'
[    1.221170] Loaded X.509 cert 'Canonical Ltd. Live Patch Signing: 14df34d1a87cf37625abec039ef2bf521249b969'
[    1.225982] Loaded X.509 cert 'Canonical Ltd. Kernel Module Signing: 88f752e560a1e0737e31163a466ad7b70a850c19'
[    1.229082] blacklist: Loading compiled-in revocation X.509 certificates
[    1.231129] Loaded X.509 cert 'Canonical Ltd. Secure Boot Signing: 61482aa2830d0ab2ad5af10b7250da9033ddcef0'
[    1.234476] Loaded X.509 cert 'Canonical Ltd. Secure Boot Signing (2017): 242ade75ac4a15e50d50c84b0d45ff3eae707a03'
[    1.238262] Loaded X.509 cert 'Canonical Ltd. Secure Boot Signing (ESM 2018): 365188c1d374d6b07c3c8f240f8ef722433d6a8b'
[    1.242164] Loaded X.509 cert 'Canonical Ltd. Secure Boot Signing (2019): c0746fd6c5da3ae827864651ad66ae47fe24b3e8'
[    1.246114] Loaded X.509 cert 'Canonical Ltd. Secure Boot Signing (2021 v1): a8d54bbb3825cfb94fa13c9f8a594a195c107b8d'
[    1.249482] Loaded X.509 cert 'Canonical Ltd. Secure Boot Signing (2021 v2): 4cf046892d6fd3c9a5b03f98d845f90851dc6a8c'
[    1.253899] Loaded X.509 cert 'Canonical Ltd. Secure Boot Signing (2021 v3): 100437bb6de6e469b581e61cd66bce3ef4ed53af'
[    1.257409] Loaded X.509 cert 'Canonical Ltd. Secure Boot Signing (Ubuntu Core 2019): c1d57b8f6b743f23ee41f4f7ee292f06eecadfb9'
[    1.261094] zswap: loaded using pool lzo/zbud
[    1.266060] Key type big_key registered
[    1.267337] Key type trusted registered
[    1.270628] Key type encrypted registered
[    1.272180] AppArmor: AppArmor sha1 policy hashing enabled
[    1.274169] ima: No TPM chip found, activating TPM-bypass! (rc=-19)
[    1.276114] ima: Allocated hash algorithm: sha1
[    1.277916] evm: HMAC attrs: 0x1
[    1.279407]   Magic number: 8:132:702
[    1.280910] rtc_cmos rtc_cmos: setting system clock to 2024-09-10 21:39:17 UTC (1726004357)
[    1.284019] BIOS ED facility v0.16 2004-Jun-25, 0 devices found
[    1.329061] EDD information not available.
[    1.347747] Freeing unused kernel image memory: 2480K
[    1.545844] Write protecting the kernel read-only data: 20480k
[    1.549132] Freeing unused kernel image memory: 2008K
[    1.551447] Freeing unused kernel image memory: 1820K
[    1.577827] x86/mm: Checked W+X mappings: passed, no W+X pages found.
[    1.579992] x86/mm: Checking user space page tables
[    1.610554] x86/mm: Checked W+X mappings: passed, no W+X pages found.
Loading, please wait...
starting version 237
[    1.729455] e1000: Intel(R) PRO/1000 Network Driver - version 7.3.21-k8-NAPI
[    1.733924] e1000: Copyright (c) 1999-2006 Intel Corporation.
[    1.749880] Fusion MPT base driver 3.04.20
[    1.754439] Copyright (c) 1999-2008 LSI Corporation
[    1.777286] Fusion MPT SPI Host driver 3.04.20
[    1.811761] AVX2 version of gcm_enc/dec engaged.
[    1.815128] AES CTR mode by8 optimization enabled
[    1.976145] input: ImExPS/2 Generic Explorer Mouse as /devices/platform/i8042/serio1/input/input4
[    2.540189] e1000 0000:00:03.0 eth0: (PCI:33MHz:32-bit) 02:3b:7b:b7:3b:2d
[    2.542253] e1000 0000:00:03.0 eth0: Intel(R) PRO/1000 Network Connection
[    2.546071] e1000 0000:00:03.0 enp0s3: renamed from eth0
[    2.546497] mptbase: ioc0: Initiating bringup
[    2.669008] ioc0: LSI53C1030 A0: Capabilities={Initiator}
[    2.910802] scsi host2: ioc0: LSI53C1030 A0, FwRev=00000000h, Ports=1, MaxQ=256, IRQ=20
[    3.081013] scsi 2:0:0:0: Direct-Access     VBOX     HARDDISK         1.0  PQ: 0 ANSI: 5
[    3.112783] scsi target2:0:0: Beginning Domain Validation
[    3.116214] scsi target2:0:0: Domain Validation skipping write tests
[    3.118328] scsi target2:0:0: Ending Domain Validation
[    3.120522] scsi target2:0:0: asynchronous
[    3.122498] scsi 2:0:1:0: Direct-Access     VBOX     HARDDISK         1.0  PQ: 0 ANSI: 5
[    3.156719] scsi target2:0:1: Beginning Domain Validation
[    3.159592] scsi target2:0:1: Domain Validation skipping write tests
[    3.161924] scsi target2:0:1: Ending Domain Validation
[    3.164241] scsi target2:0:1: asynchronous
[    3.172828] sd 2:0:0:0: Attached scsi generic sg0 type 0
[    3.173110] sd 2:0:0:0: [sda] 83886080 512-byte logical blocks: (42.9 GB/40.0 GiB)
[    3.175081] sd 2:0:1:0: Attached scsi generic sg1 type 0
[    3.177662] sd 2:0:0:0: [sda] Write Protect is off
[    3.182054] sd 2:0:0:0: [sda] Incomplete mode parameter data
[    3.182062] sd 2:0:1:0: [sdb] 20480 512-byte logical blocks: (10.5 MB/10.0 MiB)
[    3.185126] sd 2:0:0:0: [sda] Assuming drive cache: write through
[    3.189922] sd 2:0:1:0: [sdb] Write Protect is off
[    3.191874] sd 2:0:1:0: [sdb] Incomplete mode parameter data
[    3.192594]  sda: sda1
[    3.194021] sd 2:0:1:0: [sdb] Assuming drive cache: write through
[    3.200332] sd 2:0:0:0: [sda] Attached SCSI disk
[    3.203141] sd 2:0:1:0: [sdb] Attached SCSI disk
Begin: Loading essential drivers ... [    5.044049] raid6: sse2x1   gen()  3340 MB/s
[    5.092065] raid6: sse2x1   xor()  2290 MB/s
[    5.140021] raid6: sse2x2   gen()  6330 MB/s
[    5.188030] raid6: sse2x2   xor()  3255 MB/s
[    5.236075] raid6: sse2x4   gen()  8372 MB/s
[    5.284152] raid6: sse2x4   xor()  4133 MB/s
[    5.332050] raid6: avx2x1   gen()  6156 MB/s
[    5.380055] raid6: avx2x1   xor()  3140 MB/s
[    5.432028] raid6: avx2x2   gen() 11729 MB/s
[    5.480037] raid6: avx2x2   xor()  5965 MB/s
[    5.528041] raid6: avx2x4   gen() 15304 MB/s
[    5.576043] raid6: avx2x4   xor()  9665 MB/s
[    5.577455] raid6: using algorithm avx2x4 gen() 15304 MB/s
[    5.579158] raid6: .... xor() 9665 MB/s, rmw enabled
[    5.580731] raid6: using avx2x2 recovery algorithm
[    5.583512] xor: automatically using best checksumming function   avx       
[    5.586873] async_tx: api initialized (async)
done.
Begin: Running /scripts/init-premount ... done.
Begin: Mounting root file system ... Begin: Running /scripts/local-top ... done.
Begin: Running /scripts/local-premount ... [    5.671086] Btrfs loaded, crc32c=crc32c-intel
Scanning for Btrfs filesystems
done.
Warning: fsck not present, so skipping root file system
[    5.700937] EXT4-fs (sda1): mounted filesystem with ordered data mode. Opts: (null)
done.
Begin: Running /scripts/local-bottom ... done.
Begin: Running /scripts/init-bottom ... done.
[    5.867175] ip_tables: (C) 2000-2006 Netfilter Core Team
[    5.879236] systemd[1]: systemd 237 running in system mode. (+PAM +AUDIT +SELINUX +IMA +APPARMOR +SMACK +SYSVINIT +UTMP +LIBCRYPTSETUP +GCRYPT +GNUTLS +ACL +XZ +LZ4 +SECCOMP +BLKID +ELFUTILS +KMOD -IDN2 +IDN -PCRE2 default-hierarchy=hybrid)
[    5.885788] systemd[1]: Detected virtualization oracle.
[    5.887359] systemd[1]: Detected architecture x86-64.

Welcome to [1mUbuntu 18.04.6 LTS[0m!

[    5.894726] systemd[1]: Set hostname to <ubuntu>.
[    5.898445] systemd[1]: Initializing machine ID from random generator.
[    5.900487] systemd[1]: Installed transient /etc/machine-id file.
[    6.150661] systemd[1]: Reached target User and Group Name Lookups.
[[0;32m  OK  [0m] Reached target User and Group Name Lookups.
[    6.153829] systemd[1]: Set up automount Arbitrary Executable File Formats File System Automount Point.
[[0;32m  OK  [0m] Set up automount Arbitrary Executabâ€¦rmats File System Automount Point.
[    6.158347] systemd[1]: Started Forward Password Requests to Wall Directory Watch.
[[0;32m  OK  [0m] Started Forward Password Requests to Wall Directory Watch.
[    6.162174] systemd[1]: Reached target System Time Synchronized.
[[0;32m  OK  [0m] Reached target System Time Synchronized.
[[0;32m  OK  [0m] Created slice System Slice.
[[0;32m  OK  [0m] Listening on udev Kernel Socket.
[[0;32m  OK  [0m] Listening on Journal Audit Socket.
[[0;32m  OK  [0m] Created slice system-serial\x2dgetty.slice.
[[0;32m  OK  [0m] Listening on LVM2 metadata daemon socket.
[[0;32m  OK  [0m] Listening on Journal Socket.
         Mounting POSIX Message Queue File System...
         Starting Set the console keyboard layout...
[[0;32m  OK  [0m] Listening on udev Control Socket.
[[0;32m  OK  [0m] Listening on Device-mapper event daemon FIFOs.
[[0;32m  OK  [0m] Listening on LVM2 poll daemon socket.
         Starting Monitoring of LVM2 mirrorsâ€¦ng dmeventd or progress polling...
[[0;32m  OK  [0m] Listening on /dev/initctl Compatibility Named Pipe.
[[0;32m  OK  [0m] Listening on Network Service Netlink Socket.
         Starting Load Kernel Modules...
[[0;32m  OK  [0m] Listening on Journal Socket (/dev/log).
[[0;32m  OK  [0m] Reached target Mounting snaps.
[[0;32m  OK  [0m] Reached target Mounted snaps.
[[0;32m  OK  [0m] Listening on Syslog Socket.
         Starting Journal Service...
[[0;32m  OK  [0m] Created slice User and Session Slice.
[[0;32m  OK  [0m] Reached target Slices.
[[0;32m  OK  [0m] Listening on fsck to fsckd communication Socket.
         Starting File System Check on Root Device...
         Mounting Kernel Debug File System...
         Mounting Huge Pages File System...
         Starting Create list of required stâ€¦ce nodes for the current kernel...
[    6.271448] Loading iSCSI transport class v2.0-870.
         Starting Uncomplicated firewall...
         Starting udev Coldplug all Devices...
[[0;32m  OK  [0m] Reached target Swap.
[[0;32m  OK  [0m] Started Journal Service.
[[0;32m  OK  [0m] Mounted POSIX Message Queue File System.
[[0;32m  OK  [0m] Mounted Kernel Debug File System.
[[0;32m  OK  [0m] Mounted Huge Pages File System.
[    6.328504] iscsi: registered transport (tcp)
[[0;32m  OK  [0m] Started Create list of required staâ€¦vice nodes for the current kernel.
[[0;32m  OK  [0m] Started Uncomplicated firewall.
[[0;32m  OK  [0m] Started File System Check Daemon to report status.
[[0;32m  OK  [0m] Started LVM2 metadata daemon.
         Starting Create Static Device Nodes in /dev...
[[0;32m  OK  [0m] Started File System Check on Root Device.
         Starting Remount Root and Kernel File Systems...
[    6.396806] iscsi: registered transport (iser)
[[0;32m  OK  [0m] Started Load Kernel Modules.
         Mounting FUSE Control File System...
         Mounting Kernel Configuration File System...
         Starting Apply Kernel Variables...
[[0;32m  OK  [0m] Mounted FUSE Control File System.
[[0;32m  OK  [0m] Mounted Kernel Configuration File System.
[[0;32m  OK  [0m] Started udev Coldplug all Devices.
[[0;32m  OK  [0m] Started Create Static Device Nodes in /dev.
[[0;32m  OK  [0m] Started Remount Root and Kernel File Systems.
[[0;32m  OK  [0m] Started Apply Kernel Variables.
[[0;32m  OK  [0m] Started Monitoring of LVM2 mirrors,â€¦sing dmeventd or progress polling.
         Starting Flush Journal to Persistent Storage...
         Starting Load/Save Random Seed...
         Starting udev Kernel Device Manager...
[[0;32m  OK  [0m] Started Load/Save Random Seed.
[[0;32m  OK  [0m] Started udev Kernel Device Manager.
[[0;32m  OK  [0m] Started Flush Journal to Persistent Storage.
[[0;32m  OK  [0m] Found device /dev/ttyS0.
[[0;32m  OK  [0m] Listening on Load/Save RF Kill Switch Status /dev/rfkill Watch.
         Mounting Arbitrary Executable File Formats File System...
[[0;32m  OK  [0m] Mounted Arbitrary Executable File Formats File System.
[[0;32m  OK  [0m] Started Set the console keyboard layout.
[[0;32m  OK  [0m] Started Dispatch Password Requests to Console Directory Watch.
[[0;32m  OK  [0m] Reached target Local Encrypted Volumes.
[[0;32m  OK  [0m] Reached target Local File Systems (Pre).
[[0;32m  OK  [0m] Reached target Local File Systems.
         Starting Commit a transient machine-id on disk...
         Starting Tell Plymouth To Write Out Runtime Data...
         Starting ebtables ruleset management...
         Starting AppArmor initialization...
         Starting Set console font and keymap...
         Starting Create Volatile Files and Directories...
[[0;32m  OK  [0m] Started Tell Plymouth To Write Out Runtime Data.
[[0;32m  OK  [0m] Started Create Volatile Files and Directories.
         Starting Update UTMP about System Boot/Shutdown...
[[0;32m  OK  [0m] Started Update UTMP about System Boot/Shutdown.
[[0;32m  OK  [0m] Started Commit a transient machine-id on disk.
[[0;32m  OK  [0m] Started ebtables ruleset management.
[[0;32m  OK  [0m] Started Set console font and keymap.
[[0;32m  OK  [0m] Started AppArmor initialization.
         Starting Load AppArmor profiles managed internally by snapd...
         Starting Initial cloud-init job (pre-networking)...
[[0;32m  OK  [0m] Started Load AppArmor profiles managed internally by snapd.
[   12.557051] cloud-init[858]: Cloud-init v. 23.1.2-0ubuntu0~18.04.1 running 'init-local' at Tue, 10 Sep 2024 21:39:28 +0000. Up 12.06 seconds.
[[0;32m  OK  [0m] Started Initial cloud-init job (pre-networking).
[[0;32m  OK  [0m] Reached target Network (Pre).
         Starting Network Service...
[[0;32m  OK  [0m] Started Network Service.
         Starting Network Name Resolution...
         Starting Wait for Network to be Configured...
[[0;32m  OK  [0m] Started Network Name Resolution.
[[0;32m  OK  [0m] Reached target Network.
[[0;32m  OK  [0m] Reached target Host and Network Name Lookups.
[[0;32m  OK  [0m] Started Wait for Network to be Configured.
         Starting Initial cloud-init job (metadata service crawler)...
[   15.541959] cloud-init[975]: Cloud-init v. 23.1.2-0ubuntu0~18.04.1 running 'init' at Tue, 10 Sep 2024 21:39:31 +0000. Up 15.25 seconds.
[   15.544321] cloud-init[975]: ci-info: ++++++++++++++++++++++++++++++++++++++Net device info++++++++++++++++++++++++++++++++++++++
[   15.546969] cloud-init[975]: ci-info: +--------+------+----------------------------+---------------+--------+-------------------+
[   15.549432] cloud-init[975]: ci-info: | Device |  Up  |          Address           |      Mask     | Scope  |     Hw-Address    |
[   15.551978] cloud-init[975]: ci-info: +--------+------+----------------------------+---------------+--------+-------------------+
[   15.554836] cloud-init[975]: ci-info: | enp0s3 | True |         10.0.2.15          | 255.255.255.0 | global | 02:3b:7b:b7:3b:2d |
[   15.557027] cloud-init[975]: ci-info: | enp0s3 | True | fe80::3b:7bff:feb7:3b2d/64 |       .       |  link  | 02:3b:7b:b7:3b:2d |
[   15.559810] cloud-init[975]: ci-info: |   lo   | True |         127.0.0.1          |   255.0.0.0   |  host  |         .         |
[   15.562857] cloud-init[975]: ci-info: |   lo   | True |          ::1/128           |       .       |  host  |         .         |
[   15.576261] cloud-init[975]: ci-info: +--------+------+----------------------------+---------------+--------+-------------------+
[   15.588174] cloud-init[975]: ci-info: ++++++++++++++++++++++++++++Route IPv4 info+++++++++++++++++++++++++++++
[   15.590123] cloud-init[975]: ci-info: +-------+-------------+----------+-----------------+-----------+-------+
[   15.591851] cloud-init[975]: ci-info: | Route | Destination | Gateway  |     Genmask     | Interface | Flags |
[   15.593888] cloud-init[975]: ci-info: +-------+-------------+----------+-----------------+-----------+-------+
[   15.595715] cloud-init[975]: ci-info: |   0   |   0.0.0.0   | 10.0.2.2 |     0.0.0.0     |   enp0s3  |   UG  |
[   15.597891] cloud-init[975]: ci-info: |   1   |   10.0.2.0  | 0.0.0.0  |  255.255.255.0  |   enp0s3  |   U   |
[   15.599788] cloud-init[975]: ci-info: |   2   |   10.0.2.2  | 0.0.0.0  | 255.255.255.255 |   enp0s3  |   UH  |
[   15.601678] cloud-init[975]: ci-info: +-------+-------------+----------+-----------------+-----------+-------+
[   15.612192] cloud-init[975]: ci-info: +++++++++++++++++++Route IPv6 info+++++++++++++++++++
[   15.613945] cloud-init[975]: ci-info: +-------+-------------+---------+-----------+-------+
[   15.615615] cloud-init[975]: ci-info: | Route | Destination | Gateway | Interface | Flags |
[   15.617436] cloud-init[975]: ci-info: +-------+-------------+---------+-----------+-------+
[   15.619104] cloud-init[975]: ci-info: |   1   |  fe80::/64  |    ::   |   enp0s3  |   U   |
[   15.620667] cloud-init[975]: ci-info: |   3   |    local    |    ::   |   enp0s3  |   U   |
[   15.632160] cloud-init[975]: ci-info: |   4   |   ff00::/8  |    ::   |   enp0s3  |   U   |
[   15.633534] cloud-init[975]: ci-info: +-------+-------------+---------+-----------+-------+
[   16.464030] cloud-init[975]: Generating public/private rsa key pair.
[   16.465306] cloud-init[975]: Your identification has been saved in /etc/ssh/ssh_host_rsa_key.
[   16.466931] cloud-init[975]: Your public key has been saved in /etc/ssh/ssh_host_rsa_key.pub.
[   16.468450] cloud-init[975]: The key fingerprint is:
[   16.469439] cloud-init[975]: SHA256:srxPn86kP4mReZDE6pnhhPsW8pYZx2hRsIs68eAOmaE root@ubuntu-bionic
[   16.471084] cloud-init[975]: The key's randomart image is:
[   16.472200] cloud-init[975]: +---[RSA 2048]----+
[   16.488249] cloud-init[975]: |      .o         |
[   16.489437] cloud-init[975]: |       .+        |
[   16.490324] cloud-init[975]: |     ..+ .       |
[   16.491405] cloud-init[975]: |    ..=.o        |
[   16.492675] cloud-init[975]: |. o .=oBS+       |
[   16.493460] cloud-init[975]: |.= =o.Xo* .      |
[   16.504256] cloud-init[975]: |E + .=o*.+..     |
[   16.504997] cloud-init[975]: | o .  Bo.=o.     |
[   16.506015] cloud-init[975]: |  .  o..oo*.     |
[   16.516215] cloud-init[975]: +----[SHA256]-----+
[   16.517153] cloud-init[975]: Generating public/private dsa key pair.
[   16.518675] cloud-init[975]: Your identification has been saved in /etc/ssh/ssh_host_dsa_key.
[   16.520147] cloud-init[975]: Your public key has been saved in /etc/ssh/ssh_host_dsa_key.pub.
[   16.521706] cloud-init[975]: The key fingerprint is:
[   16.522581] cloud-init[975]: SHA256:gf/TusoW7eA7esjoHUTW7cAwmVJiRONtV8xJ8zXO5oI root@ubuntu-bionic
[   16.524194] cloud-init[975]: The key's randomart image is:
[   16.525157] cloud-init[975]: +---[DSA 1024]----+
[   16.526086] cloud-init[975]: |   o*.+o ++.  o  |
[   16.536160] cloud-init[975]: |   o.+o* o+o + . |
[   16.552530] cloud-init[975]: |    ..* * . . +  |
[   16.564499] cloud-init[975]: |     + o + . o   |
[   16.581086] cloud-init[975]: |      . S.E . .  |
[   16.581997] cloud-init[975]: |     .  o... .   |
[[0;32m  OK  [0m[   16.596723] cloud-init[975]: |     o.o +o .    |
[   16.597066] cloud-init[975]: |    ..oo= .o     |
[   16.598167] cloud-init[975]: |   .. o+++o.     |
[   16.598585] cloud-init[975]: +----[SHA256]-----+
[   16.599725] cloud-init[975]: Generating public/private ecdsa key pair.
[   16.600141] cloud-init[975]: Your identification has been saved in /etc/ssh/ssh_host_ecdsa_key.
[   16.601188] cloud-init[975]: Your public key has been saved in /etc/ssh/ssh_host_ecdsa_key.pub.
[   16.602193] cloud-init[975]: The key fingerprint is:
[   16.603261] cloud-init[975]: SHA256:aEjgv8X3Z3o/4xSmZ7xkpV6czXLexP99cD6GLKVGQRk root@ubuntu-bionic
[   16.605163] cloud-init[975]: The key's randomart image is:
[   16.605842] cloud-init[975]: +---[ECDSA 256]---+
[   16.606785] cloud-init[975]: |  .        Eo    |
[   16.607763] cloud-init[975]: | . .       o     |
[   16.609409] cloud-init[975]: |  . .     .      |
[   16.609639] cloud-init[975]: |   o o .   .     |
[   16.610714] cloud-init[975]: |    o = S   . o .|
[   16.611313] cloud-init[975]: |     + . . . =.B+|
[   16.612328] cloud-init[975]: |    .     o B @=O|
[   16.612674] cloud-init[975]: |           B.XoX*|
[   16.614029] cloud-init[975]: |          o..o*oX|
[   16.614197] cloud-init[975]: +----[SHA256]-----+
[   16.615083] cloud-init[975]: Generating public/private ed25519 key pair.
[   16.615664] cloud-init[975]: Your identification has been saved in /etc/ssh/ssh_host_ed25519_key.
[   16.617006] cloud-init[975]: Your public key has been saved in /etc/ssh/ssh_host_ed25519_key.pub.
[   16.618591] cloud-init[975]: The key fingerprint is:
[   16.620053] cloud-init[975]: SHA256:EPWYAtdGOyhTD6LCh6BtsMt3FKlT6/1RW0ZaNSt0WCI root@ubuntu-bionic
[   16.620585] cloud-init[975]: The key's randomart image is:
[   16.621811] cloud-init[975]: +--[ED25519 256]--+
[   16.622913] cloud-init[975]: |o   o.*+o  E o+= |
[   16.623848] cloud-init[975]: |++.. B.=o=  o+o o|
] Started Initial cloud-init job (metadata service crawler).
[   16.624159] cloud-init[975]: |+o+.=.=.* . +. . |
[[   16.636669] cloud-init[975]: |.+.o.+ o . o o.  |
[   16.636808] cloud-init[975]: |.. .o.. S . +    |
[   16.637986] cloud-init[975]: |  . .. . . .     |
[   16.638386] cloud-init[975]: |        . .      |
[0;32m  OK  [0m] Reached target Cloud-config availability.
[   16.639123] cloud-init[975]: |         .       |
[[0;32m  OK  [0m] [   16.642070] cloud-init[975]: |                 |
[   16.643081] cloud-init[975]: +----[SHA256]-----+
Reached target System Initialization.
[[0;32m  OK  [0m] Listening on ACPID Listen Socket.
[[0;32m  OK  [0m] Started Daily Cleanup of Temporary Directories.
[[0;32m  OK  [0m] Started Discard unused blocks once a week.
         Starting LXD - unix socket.
[[0;32m  OK  [0m] Started Daily apt download activities.
[[0;32m  OK  [0m] Listening on D-Bus System Message Bus Socket.
[[0;32m  OK  [0m] Listening on UUID daemon activation socket.
[[0;32m  OK  [0m] Started ACPI Events Check.
[[0;32m  OK  [0m] Started Daily apt upgrade and clean activities.
[[0;32m  OK  [0m] Started Ubuntu Advantage Timer for running repeated jobs.
[[0;32m  OK  [0m] Listening on cloud-init hotplug hook socket.
[[0;32m  OK  [0m] Listening on Open-iSCSI iscsid Socket.
[[0;32m  OK  [0m] Reached target Paths.
[[0;32m  OK  [0m] Started Message of the Day.
[[0;32m  OK  [0m] Reached target Timers.
         Starting Socket activation for snappy daemon.
[[0;32m  OK  [0m] Reached target Network is Online.
         Starting Availability of block devices...
[[0;32m  OK  [0m] Reached target Remote File Systems (Pre).
[[0;32m  OK  [0m] Reached target Remote File Systems.
[[0;32m  OK  [0m] Listening on LXD - unix socket.
[[0;32m  OK  [0m] Listening on Socket activation for snappy daemon.
[[0;32m  OK  [0m] Reached target Sockets.
[[0;32m  OK  [0m] Reached target Basic System.
         Starting LSB: Record successful boot for GRUB...
[[0;32m  OK  [0m] Reached target Login Prompts (Pre).
[[0;32m  OK  [0m] Started irqbalance daemon.
         Starting Pollinate to seed the pseudo random number generator...
         Starting Dispatcher daemon for systemd-networkd...
[[0;32m  OK  [0m] Started Regular background program processing daemon.
[[0;32m  OK  [0m] Started Deferred execution scheduler.
         Starting Permit User Sessions...
         Starting Login Service...
         Starting Accounts Service...
         Starting Virtualbox guest utils...
         Starting LSB: automatic crash report generation...
[[0;32m  OK  [0m] Started FUSE filesystem for LXC.
[[0;32m  OK  [0m] Started D-Bus System Message Bus.
[[0;32m  OK  [0m] Started Login Service.
[[0;32m  OK  [0m] Started Unattended Upgrades Shutdown.
         Starting Snap Daemon...
         Starting System Logging Service...
         Starting LXD - container startup/shutdown...
[[0;32m  OK  [0m] Started Availability of block devices.
[[0;32m  OK  [0m] Started Permit User Sessions.
[[0;32m  OK  [0m] Started System Logging Service.
         Starting Authorization Manager...
         Starting Hold until boot process finishes up...
         Starting Terminate Plymouth Boot Screen...
[[0;32m  OK  [0m] Started Hold until boot process finishes up.
         Starting Set console scheme...
[[0;32m  OK  [0m] Started Serial Getty on ttyS0.
[[0;32m  OK  [0m] Started LSB: automatic crash report generation.
[[0;32m  OK  [0m] Started Terminate Plymouth Boot Screen.
[[0;32m  OK  [0m] Started Set console scheme.
[[0;32m  OK  [0m] Created slice system-getty.slice.
[[0;32m  OK  [0m] Started Getty on tty1.
[[0;32m  OK  [0m] Reached target Login Prompts.
[[0;32m  OK  [0m] Started Virtualbox guest utils.
[[0;32m  OK  [0m] Started LSB: Record successful boot for GRUB.
[[0;32m  OK  [0m] Started Authorization Manager.
[[0;32m  OK  [0m] Started Accounts Service.
[[0;32m  OK  [0m] Started LXD - container startup/shutdown.
[[0;32m  OK  [0m] Started Dispatcher daemon for systemd-networkd.
[[0;32m  OK  [0m] Started Snap Daemon.
         Starting Wait until snapd is fully seeded...
[[0;32m  OK  [0m] Started Pollinate to seed the pseudo random number generator.
         Starting OpenBSD Secure Shell server...
[[0;32m  OK  [0m] Started OpenBSD Secure Shell server.
[[0;32m  OK  [0m] Created slice User Slice of vagrant.
         Starting User Manager for UID 1000...
[[0;32m  OK  [0m] Started Session 1 of user vagrant.
[[0;32m  OK  [0m] Started User Manager for UID 1000.
         Starting Time & Date Service...
[[0;32m  OK  [0m] Started Time & Date Service.
[[0;32m  OK  [0m] Started Wait until snapd is fully seeded.
         Starting Apply the settings specified in cloud-config...

Ubuntu 18.04.6 LTS ubuntu-bionic ttyS0

ubuntu-bionic login: [   23.645495] cloud-init[1533]: Cloud-init v. 23.1.2-0ubuntu0~18.04.1 running 'modules:config' at Tue, 10 Sep 2024 21:39:38 +0000. Up 22.72 seconds.
ci-info: no authorized SSH keys fingerprints found for user ubuntu.
<14>Sep 10 21:39:41 cloud-init: #############################################################
<14>Sep 10 21:39:41 cloud-init: -----BEGIN SSH HOST KEY FINGERPRINTS-----
<14>Sep 10 21:39:41 cloud-init: 1024 SHA256:gf/TusoW7eA7esjoHUTW7cAwmVJiRONtV8xJ8zXO5oI root@ubuntu-bionic (DSA)
<14>Sep 10 21:39:41 cloud-init: 256 SHA256:aEjgv8X3Z3o/4xSmZ7xkpV6czXLexP99cD6GLKVGQRk root@ubuntu-bionic (ECDSA)
<14>Sep 10 21:39:41 cloud-init: 256 SHA256:EPWYAtdGOyhTD6LCh6BtsMt3FKlT6/1RW0ZaNSt0WCI root@ubuntu-bionic (ED25519)
<14>Sep 10 21:39:41 cloud-init: 2048 SHA256:srxPn86kP4mReZDE6pnhhPsW8pYZx2hRsIs68eAOmaE root@ubuntu-bionic (RSA)
<14>Sep 10 21:39:41 cloud-init: -----END SSH HOST KEY FINGERPRINTS-----
<14>Sep 10 21:39:41 cloud-init: #############################################################
-----BEGIN SSH HOST KEY KEYS-----
ecdsa-sha2-nistp256 AAAAE2VjZHNhLXNoYTItbmlzdHAyNTYAAAAIbmlzdHAyNTYAAABBBKNgQ7WGWYP4VEI4t7HZOlBB36jsVAKwhwEG8zfYvPsClzTiRw4DD9NPFpeNM5WvC/G7196pKMM1k+giOWF2z+w= root@ubuntu-bionic
ssh-ed25519 AAAAC3NzaC1lZDI1NTE5AAAAIKhruP2L3juf9tdp62TW45zg7WjD328jVbCrjYOtFYjv root@ubuntu-bionic
ssh-rsa AAAAB3NzaC1yc2EAAAADAQABAAABAQCrPAflt+VovPDoamk6ioVaGHXZZy1QkXIOoBSFX2N3IXhtHutflWMZzZZs0DBkJhuLBFCVpC9FRKuFJyVjQjCgofvOGPmN1qCno02BGqL5a2IS0gYtCgFknRZClw/B4Fl4gzdef/GW0M+QSRd1GccDhtqWR5q/dTMZhSc49igg8kNoEClQNle0HKQgFGc/DahfcDj/kx/VT0jNGAhtTQa8cCPNj18lldMABxTYboGaw6Chc08QflwJISrofwmAZAf8Btifhc/h813NzrA4yrI0dD/kPuGkNAh/sBbTv6HmJy+fyGsNouwOe8RFAu1eeqByd0EYvS1aUYilzOXK1IMl root@ubuntu-bionic
-----END SSH HOST KEY KEYS-----
[   24.886612] cloud-init[1654]: Cloud-init v. 23.1.2-0ubuntu0~18.04.1 running 'modules:final' at Tue, 10 Sep 2024 21:39:40 +0000. Up 24.56 seconds.
[   24.886910] cloud-init[1654]: Cloud-init v. 23.1.2-0ubuntu0~18.04.1 finished at Tue, 10 Sep 2024 21:39:41 +0000. Datasource DataSourceNoCloud [seed=/dev/sdb][dsmode=net].  Up 24.86 seconds
